// Jest Snapshot v1, https://goo.gl/fbAQLP

exports[`Storyshots Components/Switch Switch 1`] = `
<div>
  Title
</div>
`;
